
> angular@0.0.0 start
> ng serve --host 0.0.0.0  --no-hmr --disable-host-check --port 3000

Warning: Running a server with --disable-host-check is a security risk. See https://medium.com/webpack/webpack-dev-server-middleware-security-issues-1489d950874a for more information.
The "disableHostCheck" option will not be used because it is not supported by the "@angular-devkit/build-angular:application" builder.
❯ Building...
✔ Building...
Browser bundles     
Initial chunk files  | Names            |  Raw size
polyfills.js         | polyfills        |  90.20 kB | 
main.js              | main             |  22.59 kB | 
styles.css           | styles           |  95 bytes | 

                     | Initial total    | 112.88 kB


Server bundles      
Initial chunk files  | Names            |  Raw size
polyfills.server.mjs | polyfills.server | 572.91 kB | 
chunk-6XEG6CM6.mjs   | -                |  23.02 kB | 
server.mjs           | server           |   1.39 kB | 
main.server.mjs      | main.server      | 800 bytes | 

Application bundle generation complete. [2.293 seconds]

Watch mode enabled. Watching for file changes...
NOTE: Raw file sizes do not reflect development server per-request transformations.
  ➜  Local:   http://localhost:3000/
  ➜  Network: http://172.17.0.2:3000/
❯ Changes detected. Rebuilding...
✔ Changes detected. Rebuilding...
Application bundle generation failed. [1.111 seconds]

▲ [WARNING] TS-998113: NoteCardComponent is not used within the template of AppComponent [plugin angular-compiler]

    src/app/app.component.ts:35:4:
      35 │     NoteCardComponent
         ╵     ~~~~~~~~~~~~~~~~~


✘ [ERROR] NG9: Property 'title' does not exist on type 'AppComponent'. [plugin angular-compiler]

    src/app/app.component.html:228:20:
      228 │       <h1>Hello, {{ title }}</h1>
          ╵                     ~~~~~

  Error occurs in the template of component AppComponent.

    src/app/app.component.ts:37:15:
      37 │   templateUrl: './app.component.html',
         ╵                ~~~~~~~~~~~~~~~~~~~~~~


✘ [ERROR] TS2729: Property 'noteService' is used before its initialization. [plugin angular-compiler]

    src/app/app.component.ts:46:9:
      46 │     this.noteService.getNotes(),
         ╵          ~~~~~~~~~~~

  'noteService' is declared here.

    src/app/app.component.ts:74:4:
      74 │     private noteService: NoteService,
         ╵     ~~~~~~~~~~~~~~~~~~~~~~~~~~~~~~~~


❯ Changes detected. Rebuilding...
✔ Changes detected. Rebuilding...
Application bundle generation failed. [0.661 seconds]

▲ [WARNING] TS-998113: RouterOutlet is not used within the template of AppComponent [plugin angular-compiler]

    src/app/app.component.ts:25:4:
      25 │     RouterOutlet,
         ╵     ~~~~~~~~~~~~


✘ [ERROR] NG8002: Can't bind to 'selected' since it isn't a known property of 'mat-chip'.
1. If 'mat-chip' is an Angular component and it has 'selected' input, then verify that it is included in the '@Component.imports' of this component.
2. If 'mat-chip' is a Web Component then add 'CUSTOM_ELEMENTS_SCHEMA' to the '@Component.schemas' of this component to suppress this message.
3. To allow any property add 'NO_ERRORS_SCHEMA' to the '@Component.schemas' of this component. [plugin angular-compiler]

    src/app/app.component.html:22:18:
      22 │                   [selected]="selectedCategories.has(category)"
         ╵                   ~~~~~~~~~~~~~~~~~~~~~~~~~~~~~~~~~~~~~~~~~~~~~

  Error occurs in the template of component AppComponent.

    src/app/app.component.ts:37:15:
      37 │   templateUrl: './app.component.html',
         ╵                ~~~~~~~~~~~~~~~~~~~~~~


✘ [ERROR] TS2729: Property 'noteService' is used before its initialization. [plugin angular-compiler]

    src/app/app.component.ts:46:9:
      46 │     this.noteService.getNotes(),
         ╵          ~~~~~~~~~~~

  'noteService' is declared here.

    src/app/app.component.ts:74:4:
      74 │     private noteService: NoteService,
         ╵     ~~~~~~~~~~~~~~~~~~~~~~~~~~~~~~~~


❯ Changes detected. Rebuilding...
✔ Changes detected. Rebuilding...
Application bundle generation failed. [0.414 seconds]

▲ [WARNING] TS-998113: RouterOutlet is not used within the template of AppComponent [plugin angular-compiler]

    src/app/app.component.ts:25:4:
      25 │     RouterOutlet,
         ╵     ~~~~~~~~~~~~


✘ [ERROR] NG8002: Can't bind to 'selected' since it isn't a known property of 'mat-chip'.
1. If 'mat-chip' is an Angular component and it has 'selected' input, then verify that it is included in the '@Component.imports' of this component.
2. If 'mat-chip' is a Web Component then add 'CUSTOM_ELEMENTS_SCHEMA' to the '@Component.schemas' of this component to suppress this message.
3. To allow any property add 'NO_ERRORS_SCHEMA' to the '@Component.schemas' of this component. [plugin angular-compiler]

    src/app/app.component.html:22:18:
      22 │                   [selected]="selectedCategories.has(category)"
         ╵                   ~~~~~~~~~~~~~~~~~~~~~~~~~~~~~~~~~~~~~~~~~~~~~

  Error occurs in the template of component AppComponent.

    src/app/app.component.ts:37:15:
      37 │   templateUrl: './app.component.html',
         ╵                ~~~~~~~~~~~~~~~~~~~~~~


✘ [ERROR] TS2729: Property 'noteService' is used before its initialization. [plugin angular-compiler]

    src/app/app.component.ts:46:9:
      46 │     this.noteService.getNotes(),
         ╵          ~~~~~~~~~~~

  'noteService' is declared here.

    src/app/app.component.ts:74:4:
      74 │     private noteService: NoteService,
         ╵     ~~~~~~~~~~~~~~~~~~~~~~~~~~~~~~~~


❯ Changes detected. Rebuilding...
✔ Changes detected. Rebuilding...
Application bundle generation failed. [0.012 seconds]

▲ [WARNING] TS-998113: RouterOutlet is not used within the template of AppComponent [plugin angular-compiler]

    src/app/app.component.ts:25:4:
      25 │     RouterOutlet,
         ╵     ~~~~~~~~~~~~


✘ [ERROR] NG8002: Can't bind to 'selected' since it isn't a known property of 'mat-chip'.
1. If 'mat-chip' is an Angular component and it has 'selected' input, then verify that it is included in the '@Component.imports' of this component.
2. If 'mat-chip' is a Web Component then add 'CUSTOM_ELEMENTS_SCHEMA' to the '@Component.schemas' of this component to suppress this message.
3. To allow any property add 'NO_ERRORS_SCHEMA' to the '@Component.schemas' of this component. [plugin angular-compiler]

    src/app/app.component.html:22:18:
      22 │                   [selected]="selectedCategories.has(category)"
         ╵                   ~~~~~~~~~~~~~~~~~~~~~~~~~~~~~~~~~~~~~~~~~~~~~

  Error occurs in the template of component AppComponent.

    src/app/app.component.ts:37:15:
      37 │   templateUrl: './app.component.html',
         ╵                ~~~~~~~~~~~~~~~~~~~~~~


✘ [ERROR] TS2729: Property 'noteService' is used before its initialization. [plugin angular-compiler]

    src/app/app.component.ts:46:9:
      46 │     this.noteService.getNotes(),
         ╵          ~~~~~~~~~~~

  'noteService' is declared here.

    src/app/app.component.ts:74:4:
      74 │     private noteService: NoteService,
         ╵     ~~~~~~~~~~~~~~~~~~~~~~~~~~~~~~~~


❯ Changes detected. Rebuilding...
✔ Changes detected. Rebuilding...
Application bundle generation failed. [0.462 seconds]

▲ [WARNING] TS-998113: RouterOutlet is not used within the template of AppComponent [plugin angular-compiler]

    src/app/app.component.ts:25:4:
      25 │     RouterOutlet,
         ╵     ~~~~~~~~~~~~


✘ [ERROR] NG8002: Can't bind to 'selected' since it isn't a known property of 'mat-chip'.
1. If 'mat-chip' is an Angular component and it has 'selected' input, then verify that it is included in the '@Component.imports' of this component.
2. If 'mat-chip' is a Web Component then add 'CUSTOM_ELEMENTS_SCHEMA' to the '@Component.schemas' of this component to suppress this message.
3. To allow any property add 'NO_ERRORS_SCHEMA' to the '@Component.schemas' of this component. [plugin angular-compiler]

    src/app/app.component.html:22:18:
      22 │                   [selected]="selectedCategories.has(category)"
         ╵                   ~~~~~~~~~~~~~~~~~~~~~~~~~~~~~~~~~~~~~~~~~~~~~

  Error occurs in the template of component AppComponent.

    src/app/app.component.ts:37:15:
      37 │   templateUrl: './app.component.html',
         ╵                ~~~~~~~~~~~~~~~~~~~~~~


✘ [ERROR] TS2729: Property 'noteService' is used before its initialization. [plugin angular-compiler]

    src/app/app.component.ts:46:9:
      46 │     this.noteService.getNotes(),
         ╵          ~~~~~~~~~~~

  'noteService' is declared here.

    src/app/app.component.ts:74:4:
      74 │     private noteService: NoteService,
         ╵     ~~~~~~~~~~~~~~~~~~~~~~~~~~~~~~~~


❯ Changes detected. Rebuilding...
✔ Changes detected. Rebuilding...
Application bundle generation failed. [0.458 seconds]

▲ [WARNING] TS-998113: RouterOutlet is not used within the template of AppComponent [plugin angular-compiler]

    src/app/app.component.ts:25:4:
      25 │     RouterOutlet,
         ╵     ~~~~~~~~~~~~


✘ [ERROR] NG8002: Can't bind to 'selected' since it isn't a known property of 'mat-chip'.
1. If 'mat-chip' is an Angular component and it has 'selected' input, then verify that it is included in the '@Component.imports' of this component.
2. If 'mat-chip' is a Web Component then add 'CUSTOM_ELEMENTS_SCHEMA' to the '@Component.schemas' of this component to suppress this message.
3. To allow any property add 'NO_ERRORS_SCHEMA' to the '@Component.schemas' of this component. [plugin angular-compiler]

    src/app/app.component.html:22:18:
      22 │                   [selected]="selectedCategories.has(category)"
         ╵                   ~~~~~~~~~~~~~~~~~~~~~~~~~~~~~~~~~~~~~~~~~~~~~

  Error occurs in the template of component AppComponent.

    src/app/app.component.ts:37:15:
      37 │   templateUrl: './app.component.html',
         ╵                ~~~~~~~~~~~~~~~~~~~~~~


✘ [ERROR] TS2729: Property 'noteService' is used before its initialization. [plugin angular-compiler]

    src/app/app.component.ts:46:9:
      46 │     this.noteService.getNotes(),
         ╵          ~~~~~~~~~~~

  'noteService' is declared here.

    src/app/app.component.ts:74:4:
      74 │     private noteService: NoteService,
         ╵     ~~~~~~~~~~~~~~~~~~~~~~~~~~~~~~~~


❯ Changes detected. Rebuilding...
✔ Changes detected. Rebuilding...
Application bundle generation failed. [0.382 seconds]

▲ [WARNING] TS-998113: RouterOutlet is not used within the template of AppComponent [plugin angular-compiler]

    src/app/app.component.ts:25:4:
      25 │     RouterOutlet,
         ╵     ~~~~~~~~~~~~


✘ [ERROR] NG8002: Can't bind to 'selected' since it isn't a known property of 'mat-chip'.
1. If 'mat-chip' is an Angular component and it has 'selected' input, then verify that it is included in the '@Component.imports' of this component.
2. If 'mat-chip' is a Web Component then add 'CUSTOM_ELEMENTS_SCHEMA' to the '@Component.schemas' of this component to suppress this message.
3. To allow any property add 'NO_ERRORS_SCHEMA' to the '@Component.schemas' of this component. [plugin angular-compiler]

    src/app/app.component.html:22:18:
      22 │                   [selected]="selectedCategories.has(category)"
         ╵                   ~~~~~~~~~~~~~~~~~~~~~~~~~~~~~~~~~~~~~~~~~~~~~

  Error occurs in the template of component AppComponent.

    src/app/app.component.ts:37:15:
      37 │   templateUrl: './app.component.html',
         ╵                ~~~~~~~~~~~~~~~~~~~~~~


❯ Changes detected. Rebuilding...
✔ Changes detected. Rebuilding...
Application bundle generation failed. [0.429 seconds]

▲ [WARNING] TS-998113: RouterOutlet is not used within the template of AppComponent [plugin angular-compiler]

    src/app/app.component.ts:25:4:
      25 │     RouterOutlet,
         ╵     ~~~~~~~~~~~~


✘ [ERROR] NG8002: Can't bind to 'selected' since it isn't a known property of 'mat-chip'.
1. If 'mat-chip' is an Angular component and it has 'selected' input, then verify that it is included in the '@Component.imports' of this component.
2. If 'mat-chip' is a Web Component then add 'CUSTOM_ELEMENTS_SCHEMA' to the '@Component.schemas' of this component to suppress this message.
3. To allow any property add 'NO_ERRORS_SCHEMA' to the '@Component.schemas' of this component. [plugin angular-compiler]

    src/app/app.component.html:22:18:
      22 │                   [selected]="selectedCategories.has(category)"
         ╵                   ~~~~~~~~~~~~~~~~~~~~~~~~~~~~~~~~~~~~~~~~~~~~~

  Error occurs in the template of component AppComponent.

    src/app/app.component.ts:37:15:
      37 │   templateUrl: './app.component.html',
         ╵                ~~~~~~~~~~~~~~~~~~~~~~


❯ Changes detected. Rebuilding...
✔ Changes detected. Rebuilding...
Browser bundles     
Initial chunk files  | Names            |  Raw size
styles.css           | styles           |  95.97 kB | 
polyfills.js         | polyfills        |  90.20 kB | 
main.js              | main             |  31.77 kB | 

                     | Initial total    | 217.94 kB


Server bundles      
Initial chunk files  | Names            |  Raw size
polyfills.server.mjs | polyfills.server | 572.91 kB | 
chunk-LQ6GDFJS.mjs   | -                |  32.21 kB | 
server.mjs           | server           |   1.39 kB | 
main.server.mjs      | main.server      | 800 bytes | 

Application bundle generation complete. [0.496 seconds]

10:49:40 AM [vite] (ssr) ✨ new dependencies optimized: @angular/forms, @angular/material/toolbar, @angular/material/button, @angular/material/icon, @angular/material/input, @angular/material/form-field, @angular/material/chips, @angular/material/dialog, @angular/material/snack-bar, @angular/material/card, rxjs, @angular/platform-browser/animations
10:49:40 AM [vite] (ssr) ✨ optimized dependencies changed. reloading
Page reload sent to client(s).
❯ Changes detected. Rebuilding...
✔ Changes detected. Rebuilding...
Application bundle generation failed. [0.422 seconds]

✘ [ERROR] TS2307: Cannot find module '@angular/material/legacy-chips' or its corresponding type declarations. [plugin angular-compiler]

    src/app/app.component.ts:10:55:
      10 │ ...sModule as MatChipsModule } from '@angular/material/legacy-chips';
         ╵                                     ~~~~~~~~~~~~~~~~~~~~~~~~~~~~~~~~


✘ [ERROR] TS-991010: 'imports' must be an array of components, directives, pipes, or NgModules.
  Value is of type '[CommonModule, RouterOutlet, FormsModule, MatToolbarModule, MatButtonModule, MatIconModule, MatInputModule, MatFormFieldModule, (not statically analyzable), MatDialogModule, MatSnackBarModule, NoteCardComponent]'. [plugin angular-compiler]

    src/app/app.component.ts:23:11:
      23 │   imports: [
         ╵            ^


